==small.==
==A really long line that would require multiple nodes.==
====
==1==
==The above line was empty==
==This does not have a newline at the end.==
